
> portfolio@0.1.0 build
> next build

node.exe : ÔÜá You 
are using a 
non-standard 
"NODE_ENV" value in 
your environment. 
This creates 
inconsistencies in 
the project and is 
strongly advised 
against. Read more: ht
tps://nextjs.org/docs/
messages/non-standard-
node-env
Au caractère 
C:\Program Files\nodej
s\npm.ps1:29 : 3
+   & $NODE_EXE 
$NPM_CLI_JS $args
+   ~~~~~~~~~~~~~~~~~~
~~~~~~~~~~~
    + CategoryInfo    
          : NotSpeci  
  fied: (ÔÜá You ar   
 e usi...andard-no    
de-env:String) []    
, RemoteException
    + FullyQualifiedE 
   rrorId : NativeCo  
  mmandError
 
ÔÜá `eslint` 
configuration in 
next.config.ts is no 
longer supported. See 
more info here: https:
//nextjs.org/docs/app/
api-reference/cli/next
#next-lint-options
ÔÜá Invalid 
next.config.ts 
options detected: 
ÔÜá     Unrecognized 
key(s) in object: 
'eslint'
ÔÜá See more info 
here: https://nextjs.o
rg/docs/messages/inval
id-next-config
ÔÜá Warning: Next.js 
inferred your 
workspace root, but 
it may not be correct.
 We detected multiple 
lockfiles and 
selected the 
directory of C:\Users\
nkro0\package-lock.jso
n as the root 
directory.
 To silence this 
warning, set 
`turbopack.root` in 
your Next.js config, 
or consider removing 
one of the lockfiles 
if it's not needed.
   See https://nextjs.
org/docs/app/api-refer
ence/config/next-confi
g-js/turbopack#root-di
rectory for more 
information.
 Detected additional 
lockfiles: 
   * C:\Users\nkro0\.g
emini\antigravity\scra
tch\portfolio\package-
lock.json

Ôû▓ Next.js 16.1.5 (Turbopack)

  Creating an optimized production build ...
Ô£ô Compiled successfully in 8.7s
  Running TypeScript ...
  Collecting page data using 7 workers ...
  Generating static pages using 7 workers (0/4) ...
Each child in a list 
should have a unique 
"key" prop.

Check the top-level 
render call using 
<meta>. See https://re
act.dev/link/warning-k
eys for more 
information.
Each child in a list 
should have a unique 
"key" prop.

Check the top-level 
render call using 
<html>. See https://re
act.dev/link/warning-k
eys for more 
information.
Each child in a list 
should have a unique 
"key" prop.

Check the top-level 
render call using 
<meta>. See https://re
act.dev/link/warning-k
eys for more 
information.
Each child in a list 
should have a unique 
"key" prop.

Check the top-level 
render call using 
<head>. See https://re
act.dev/link/warning-k
eys for more 
information.
Each child in a list 
should have a unique 
"key" prop.

Check the top-level 
render call using <__n
ext_viewport_boundary_
_>. See https://react.
dev/link/warning-keys 
for more information.
Each child in a list 
should have a unique 
"key" prop.

Check the top-level 
render call using 
<M>. See https://react
.dev/link/warning-keys
 for more information.
Each child in a list 
should have a unique 
"key" prop.

Check the top-level 
render call using 
<meta>. See https://re
act.dev/link/warning-k
eys for more 
information.
Each child in a list 
should have a unique 
"key" prop.

Check the top-level 
render call using 
<head>. See https://re
act.dev/link/warning-k
eys for more 
information.
Each child in a list 
should have a unique 
"key" prop.

Check the top-level 
render call using <__n
ext_viewport_boundary_
_>. See https://react.
dev/link/warning-keys 
for more information.
Each child in a list 
should have a unique 
"key" prop.

Check the top-level 
render call using 
<html>. See https://re
act.dev/link/warning-k
eys for more 
information.
Each child in a list 
should have a unique 
"key" prop.

Check the top-level 
render call using 
<meta>. See https://re
act.dev/link/warning-k
eys for more 
information.
Each child in a list 
should have a unique 
"key" prop.

Check the top-level 
render call using 
<head>. See https://re
act.dev/link/warning-k
eys for more 
information.
Error occurred 
prerendering page 
"/_not-found". Read 
more: https://nextjs.o
rg/docs/messages/prere
nder-error
TypeError: Cannot 
read properties of 
null (reading 
'useContext')
    at M (C:\Users\nkr
o0\.gemini\antigravity
\scratch\portfolio\.ne
xt\server\chunks\ssr\d
f585_next_dist_36d7e6a
5._.js:4:15118) {
  digest: '3425204893'
}
Export encountered an 
error on 
/_not-found/page: 
/_not-found, exiting 
the build.
Ô¿» Next.js build 
worker exited with 
code: 1 and signal: 
null
